// Jest Snapshot v1, https://goo.gl/fbAQLP

exports[`<TextInput> matches snapshot 1`] = `
<View
  showFocus={false}
  style={
    Array [
      Object {
        "borderColor": "transparent",
        "borderWidth": 3,
        "width": "100%",
      },
    ]
  }
  width="100%"
>
  <TextInput
    allowFontScaling={true}
    autoCorrect={false}
    onBlur={[Function]}
    onFocus={[Function]}
    rejectResponderTermination={true}
    spellCheck={false}
    style={
      Array [
        Object {
          "borderColor": "black",
          "borderStyle": "solid",
          "borderWidth": 2,
          "fontSize": 16,
          "height": 40,
          "lineHeight": 20,
          "paddingBottom": 5,
          "paddingLeft": 5,
          "paddingRight": 5,
          "paddingTop": 5,
          "width": "100%",
        },
      ]
    }
    testID="TextInput"
    underlineColorAndroid="transparent"
  >
    This is a test
  </TextInput>
</View>
`;
